[    0.000000] Initializing cgroup subsys cpuset
[    0.000000] Initializing cgroup subsys cpu
[    0.000000] Initializing cgroup subsys cpuacct
[    0.000000] Linux version 4.4.0-210-generic (buildd@lgw01-amd64-009) (gcc version 5.4.0 20160609 (Ubuntu 5.4.0-6ubuntu1~16.04.12) ) #242-Ubuntu SMP Fri Apr 16 09:57:56 UTC 2021 (Ubuntu 4.4.0-210.242-generic 4.4.262)
[    0.000000] Command line: BOOT_IMAGE=/boot/vmlinuz-4.4.0-210-generic root=UUID=ce38f626-b02a-496e-9acf-8cacdd6a07eb ro console=tty1 console=ttyS0
[    0.000000] KERNEL supported cpus:
[    0.000000]   Intel GenuineIntel
[    0.000000]   AMD AuthenticAMD
[    0.000000]   Centaur CentaurHauls
[    0.000000] x86/fpu: xstate_offset[2]:  576, xstate_sizes[2]:  256
[    0.000000] x86/fpu: Supporting XSAVE feature 0x01: 'x87 floating point registers'
[    0.000000] x86/fpu: Supporting XSAVE feature 0x02: 'SSE registers'
[    0.000000] x86/fpu: Supporting XSAVE feature 0x04: 'AVX registers'
[    0.000000] x86/fpu: Enabled xstate features 0x7, context size is 832 bytes, using 'standard' format.
[    0.000000] e820: BIOS-provided physical RAM map:
[    0.000000] BIOS-e820: [mem 0x0000000000000000-0x000000000009fbff] usable
[    0.000000] BIOS-e820: [mem 0x000000000009fc00-0x000000000009ffff] reserved
[    0.000000] BIOS-e820: [mem 0x00000000000f0000-0x00000000000fffff] reserved
[    0.000000] BIOS-e820: [mem 0x0000000000100000-0x000000003ffeffff] usable
[    0.000000] BIOS-e820: [mem 0x000000003fff0000-0x000000003fffffff] ACPI data
[    0.000000] BIOS-e820: [mem 0x00000000fec00000-0x00000000fec00fff] reserved
[    0.000000] BIOS-e820: [mem 0x00000000fee00000-0x00000000fee00fff] reserved
[    0.000000] BIOS-e820: [mem 0x00000000fffc0000-0x00000000ffffffff] reserved
[    0.000000] NX (Execute Disable) protection: active
[    0.000000] SMBIOS 2.5 present.
[    0.000000] Hypervisor detected: KVM
[    0.000000] e820: last_pfn = 0x3fff0 max_arch_pfn = 0x400000000
[    0.000000] MTRR: Disabled
[    0.000000] x86/PAT: MTRRs disabled, skipping PAT initialization too.
[    0.000000] CPU MTRRs all blank - virtualized system.
[    0.000000] x86/PAT: Configuration [0-7]: WB  WT  UC- UC  WB  WT  UC- UC  
[    0.000000] found SMP MP-table at [mem 0x0009fff0-0x0009ffff] mapped at [ffff88000009fff0]
[    0.000000] Scanning 1 areas for low memory corruption
[    0.000000] RAMDISK: [mem 0x362de000-0x37166fff]
[    0.000000] ACPI: Early table checksum verification disabled
[    0.000000] ACPI: RSDP 0x00000000000E0000 000024 (v02 VBOX  )
[    0.000000] ACPI: XSDT 0x000000003FFF0030 00003C (v01 VBOX   VBOXXSDT 00000001 ASL  00000061)
[    0.000000] ACPI: FACP 0x000000003FFF00F0 0000F4 (v04 VBOX   VBOXFACP 00000001 ASL  00000061)
[    0.000000] ACPI: DSDT 0x000000003FFF0470 002325 (v02 VBOX   VBOXBIOS 00000002 INTL 20100528)
[    0.000000] ACPI: FACS 0x000000003FFF0200 000040
[    0.000000] ACPI: FACS 0x000000003FFF0200 000040
[    0.000000] ACPI: APIC 0x000000003FFF0240 00005C (v02 VBOX   VBOXAPIC 00000001 ASL  00000061)
[    0.000000] ACPI: SSDT 0x000000003FFF02A0 0001CC (v01 VBOX   VBOXCPUT 00000002 INTL 20100528)
[    0.000000] No NUMA configuration found
[    0.000000] Faking a node at [mem 0x0000000000000000-0x000000003ffeffff]
[    0.000000] NODE_DATA(0) allocated [mem 0x3ffeb000-0x3ffeffff]
[    0.000000] kvm-clock: Using msrs 4b564d01 and 4b564d00
[    0.000000] kvm-clock: cpu 0, msr 0:3ffe3001, primary cpu clock
[    0.000000] kvm-clock: using sched offset of 4448188368 cycles
[    0.000000] clocksource: kvm-clock: mask: 0xffffffffffffffff max_cycles: 0x1cd42e4dffb, max_idle_ns: 881590591483 ns
[    0.000000] Zone ranges:
[    0.000000]   DMA      [mem 0x0000000000001000-0x0000000000ffffff]
[    0.000000]   DMA32    [mem 0x0000000001000000-0x000000003ffeffff]
[    0.000000]   Normal   empty
[    0.000000]   Device   empty
[    0.000000] Movable zone start for each node
[    0.000000] Early memory node ranges
[    0.000000]   node   0: [mem 0x0000000000001000-0x000000000009efff]
[    0.000000]   node   0: [mem 0x0000000000100000-0x000000003ffeffff]
[    0.000000] Initmem setup node 0 [mem 0x0000000000001000-0x000000003ffeffff]
[    0.000000] ACPI: PM-Timer IO Port: 0x4008
[    0.000000] IOAPIC[0]: apic_id 2, version 32, address 0xfec00000, GSI 0-23
[    0.000000] ACPI: INT_SRC_OVR (bus 0 bus_irq 0 global_irq 2 dfl dfl)
[    0.000000] ACPI: INT_SRC_OVR (bus 0 bus_irq 9 global_irq 9 low level)
[    0.000000] Using ACPI (MADT) for SMP configuration information
[    0.000000] smpboot: Allowing 2 CPUs, 0 hotplug CPUs
[    0.000000] PM: Registered nosave memory: [mem 0x00000000-0x00000fff]
[    0.000000] PM: Registered nosave memory: [mem 0x0009f000-0x0009ffff]
[    0.000000] PM: Registered nosave memory: [mem 0x000a0000-0x000effff]
[    0.000000] PM: Registered nosave memory: [mem 0x000f0000-0x000fffff]
[    0.000000] e820: [mem 0x40000000-0xfebfffff] available for PCI devices
[    0.000000] Booting paravirtualized kernel on KVM
[    0.000000] clocksource: refined-jiffies: mask: 0xffffffff max_cycles: 0xffffffff, max_idle_ns: 7645519600211568 ns
[    0.000000] setup_percpu: NR_CPUS:512 nr_cpumask_bits:512 nr_cpu_ids:2 nr_node_ids:1
[    0.000000] PERCPU: Embedded 33 pages/cpu @ffff88003fc00000 s95192 r8192 d31784 u1048576
[    0.000000] Built 1 zonelists in Node order, mobility grouping on.  Total pages: 257912
[    0.000000] Policy zone: DMA32
[    0.000000] Kernel command line: BOOT_IMAGE=/boot/vmlinuz-4.4.0-210-generic root=UUID=ce38f626-b02a-496e-9acf-8cacdd6a07eb ro console=tty1 console=ttyS0
[    0.000000] PID hash table entries: 4096 (order: 3, 32768 bytes)
[    0.000000] Memory: 997796K/1048120K available (8644K kernel code, 1332K rwdata, 4044K rodata, 1492K init, 1164K bss, 50324K reserved, 0K cma-reserved)
[    0.000000] SLUB: HWalign=64, Order=0-3, MinObjects=0, CPUs=2, Nodes=1
[    0.000000] Kernel/User page tables isolation: enabled
[    0.000000] Hierarchical RCU implementation.
[    0.000000] 	Build-time adjustment of leaf fanout to 64.
[    0.000000] 	RCU restricting CPUs from NR_CPUS=512 to nr_cpu_ids=2.
[    0.000000] RCU: Adjusting geometry for rcu_fanout_leaf=64, nr_cpu_ids=2
[    0.000000] NR_IRQS:33024 nr_irqs:440 16
[    0.000000] Console: colour VGA+ 80x25
[    0.000000] console [tty1] enabled
[    0.000000] console [ttyS0] enabled
[    0.000000] tsc: Detected 2294.686 MHz processor
[    0.429036] Calibrating delay loop (skipped) preset value.. 4589.37 BogoMIPS (lpj=9178744)
[    0.433502] pid_max: default: 32768 minimum: 301
[    0.435746] ACPI: Core revision 20150930
[    0.442482] ACPI: 2 ACPI AML tables successfully acquired and loaded
[    0.445613] Security Framework initialized
[    0.447669] Yama: becoming mindful.
[    0.449939] AppArmor: AppArmor initialized
[    0.452333] Dentry cache hash table entries: 131072 (order: 8, 1048576 bytes)
[    0.460900] Inode-cache hash table entries: 65536 (order: 7, 524288 bytes)
[    0.464390] Mount-cache hash table entries: 2048 (order: 2, 16384 bytes)
[    0.467313] Mountpoint-cache hash table entries: 2048 (order: 2, 16384 bytes)
[    0.470705] Initializing cgroup subsys io
[    0.472898] Initializing cgroup subsys memory
[    0.475026] Initializing cgroup subsys devices
[    0.477357] Initializing cgroup subsys freezer
[    0.479877] Initializing cgroup subsys net_cls
[    0.482115] Initializing cgroup subsys perf_event
[    0.484455] Initializing cgroup subsys net_prio
[    0.486691] Initializing cgroup subsys hugetlb
[    0.488885] Initializing cgroup subsys pids
[    0.492188] mce: CPU supports 0 MCE banks
[    0.494330] Last level iTLB entries: 4KB 64, 2MB 8, 4MB 8
[    0.496889] Last level dTLB entries: 4KB 64, 2MB 0, 4MB 0, 1GB 4
[    0.499917] Spectre V1 : Mitigation: usercopy/swapgs barriers and __user pointer sanitization
[    0.504179] Spectre V2 : Mitigation: Full generic retpoline
[    0.506686] Spectre V2 : Spectre v2 / SpectreRSB mitigation: Filling RSB on context switch
[    0.511065] Speculative Store Bypass: Vulnerable
[    0.513569] SRBDS: Unknown: Dependent on hypervisor status
[    0.516433] MDS: Mitigation: Clear CPU buffers
[    0.525171] Freeing SMP alternatives memory: 36K
[    0.541078] ftrace: allocating 32380 entries in 127 pages
[    0.684851] smpboot: APIC(0) Converting physical 0 to logical package 0
[    0.687764] smpboot: Max logical packages: 1
[    0.690816] x2apic enabled
[    0.693262] Switched APIC routing to physical x2apic.
[    0.699038] ..TIMER: vector=0x30 apic1=0 pin1=2 apic2=-1 pin2=-1
[    0.809954] smpboot: CPU0: Intel(R) Core(TM) i5-5300U CPU @ 2.30GHz (family: 0x6, model: 0x3d, stepping: 0x4)
[    0.815060] Performance Events: unsupported p6 CPU model 61 no PMU driver, software events only.
[    0.839945] KVM setup paravirtual spinlock
[    0.843202] x86: Booting SMP configuration:
[    0.845315] .... node  #0, CPUs:      #1
[    0.847418] kvm-clock: cpu 1, msr 0:3ffe3041, secondary cpu clock
[    0.851044] mce: CPU supports 0 MCE banks
[    0.854674] x86: Booted up 1 node, 2 CPUs
[    0.857513] smpboot: Total of 2 processors activated (9178.74 BogoMIPS)
[    0.861524] devtmpfs: initialized
[    0.879019] evm: security.selinux
[    0.881068] evm: security.SMACK64
[    0.883008] evm: security.SMACK64EXEC
[    0.884931] evm: security.SMACK64TRANSMUTE
[    0.887114] evm: security.SMACK64MMAP
[    0.889065] evm: security.ima
[    0.890800] evm: security.capability
[    0.892903] clocksource: jiffies: mask: 0xffffffff max_cycles: 0xffffffff, max_idle_ns: 7645041785100000 ns
[    0.897504] futex hash table entries: 512 (order: 3, 32768 bytes)
[    0.900465] pinctrl core: initialized pinctrl subsystem
[    0.903340] RTC time:  1:36:03, date: 08/06/21
[    0.905994] NET: Registered protocol family 16
[    0.919151] cpuidle: using governor ladder
[    0.930313] cpuidle: using governor menu
[    0.932610] PCCT header not found.
[    0.934802] ACPI: bus type PCI registered
[    0.937149] acpiphp: ACPI Hot Plug PCI Controller Driver version: 0.5
[    0.949838] PCI: Using configuration type 1 for base access
[    0.968622] ACPI: Added _OSI(Module Device)
[    0.971167] ACPI: Added _OSI(Processor Device)
[    0.973688] ACPI: Added _OSI(3.0 _SCP Extensions)
[    0.976258] ACPI: Added _OSI(Processor Aggregator Device)
[    0.981280] ACPI: Executed 1 blocks of module-level executable AML code
[    0.991599] ACPI: Interpreter enabled
[    0.998028] ACPI: (supports S0 S5)
[    1.000058] ACPI: Using IOAPIC for interrupt routing
[    1.002985] PCI: Using host bridge windows from ACPI; if necessary, use "pci=nocrs" and report a bug
[    1.018976] ACPI: PCI Root Bridge [PCI0] (domain 0000 [bus 00-ff])
[    1.022556] acpi PNP0A03:00: _OSC: OS supports [ASPM ClockPM Segments MSI]
[    1.026789] acpi PNP0A03:00: _OSC: not requesting OS control; OS requires [ExtendedConfig ASPM ClockPM MSI]
[    1.031702] acpi PNP0A03:00: fail to add MMCONFIG information, can't access extended PCI configuration space under this bridge.
[    1.037767] PCI host bridge to bus 0000:00
[    1.040118] pci_bus 0000:00: root bus resource [io  0x0000-0x0cf7 window]
[    1.043130] pci_bus 0000:00: root bus resource [io  0x0d00-0xffff window]
[    1.046091] pci_bus 0000:00: root bus resource [mem 0x000a0000-0x000bffff window]
[    1.050051] pci_bus 0000:00: root bus resource [mem 0x40000000-0xfdffffff window]
[    1.053945] pci_bus 0000:00: root bus resource [bus 00-ff]
[    1.060297] pci 0000:00:01.1: legacy IDE quirk: reg 0x10: [io  0x01f0-0x01f7]
[    1.063412] pci 0000:00:01.1: legacy IDE quirk: reg 0x14: [io  0x03f6]
[    1.066289] pci 0000:00:01.1: legacy IDE quirk: reg 0x18: [io  0x0170-0x0177]
[    1.103147] pci 0000:00:01.1: legacy IDE quirk: reg 0x1c: [io  0x0376]
[    1.134605] pci 0000:00:07.0: quirk: [io  0x4000-0x403f] claimed by PIIX4 ACPI
[    1.138613] pci 0000:00:07.0: quirk: [io  0x4100-0x410f] claimed by PIIX4 SMB
[    1.153066] ACPI: PCI Interrupt Link [LNKA] (IRQs 5 9 10 *11)
[    1.157713] ACPI: PCI Interrupt Link [LNKB] (IRQs 5 9 *10 11)
[    1.161850] ACPI: PCI Interrupt Link [LNKC] (IRQs 5 *9 10 11)
[    1.165987] ACPI: PCI Interrupt Link [LNKD] (IRQs 5 9 10 *11)
[    1.170306] ACPI: Enabled 2 GPEs in block 00 to 07
[    1.173579] vgaarb: setting as boot device: PCI:0000:00:02.0
[    1.176147] vgaarb: device added: PCI:0000:00:02.0,decodes=io+mem,owns=io+mem,locks=none
[    1.180517] vgaarb: loaded
[    1.182383] vgaarb: bridge control possible 0000:00:02.0
[    1.185485] SCSI subsystem initialized
[    1.188102] ACPI: bus type USB registered
[    1.190254] usbcore: registered new interface driver usbfs
[    1.193167] usbcore: registered new interface driver hub
[    1.195998] usbcore: registered new device driver usb
[    1.203514] PCI: Using ACPI for IRQ routing
[    1.206461] NetLabel: Initializing
[    1.208503] NetLabel:  domain hash size = 128
[    1.211005] NetLabel:  protocols = UNLABELED CIPSOv4
[    1.213800] NetLabel:  unlabeled traffic allowed by default
[    1.216501] amd_nb: Cannot enumerate AMD northbridges
[    1.219113] clocksource: Switched to clocksource kvm-clock
[    1.247588] AppArmor: AppArmor Filesystem Enabled
[    1.250311] pnp: PnP ACPI init
[    1.254270] pnp: PnP ACPI: found 3 devices
[    1.266365] clocksource: acpi_pm: mask: 0xffffff max_cycles: 0xffffff, max_idle_ns: 2085701024 ns
[    1.271290] NET: Registered protocol family 2
[    1.273872] TCP established hash table entries: 8192 (order: 4, 65536 bytes)
[    1.277207] TCP bind hash table entries: 8192 (order: 5, 131072 bytes)
[    1.280637] TCP: Hash tables configured (established 8192 bind 8192)
[    1.283634] UDP hash table entries: 512 (order: 2, 16384 bytes)
[    1.286722] UDP-Lite hash table entries: 512 (order: 2, 16384 bytes)
[    1.290121] NET: Registered protocol family 1
[    1.292450] pci 0000:00:00.0: Limiting direct PCI/PCI transfers
[    1.295095] pci 0000:00:01.0: Activating ISA DMA hang workarounds
[    1.298192] Unpacking initramfs...
[    1.913265] Freeing initrd memory: 14884K
[    1.915708] RAPL PMU detected, API unit is 2^-32 Joules, 4 fixed counters 10737418240 ms ovfl timer
[    1.920694] hw unit of domain pp0-core 2^-0 Joules
[    1.923053] hw unit of domain package 2^-0 Joules
[    1.925435] hw unit of domain dram 2^-0 Joules
[    1.927630] hw unit of domain pp1-gpu 2^-0 Joules
[    1.930251] clocksource: tsc: mask: 0xffffffffffffffff max_cycles: 0x211399552f8, max_idle_ns: 440795292447 ns
[    1.935235] platform rtc_cmos: registered platform RTC device (no PNP device found)
[    1.939725] Scanning for low memory corruption every 60 seconds
[    1.943699] audit: initializing netlink subsys (disabled)
[    1.946471] audit: type=2000 audit(1628213769.930:1): initialized
[    1.950122] Initialise system trusted keyring
[    1.953049] HugeTLB registered 2 MB page size, pre-allocated 0 pages
[    1.960138] zbud: loaded
[    1.962817] VFS: Disk quotas dquot_6.6.0
[    1.965196] VFS: Dquot-cache hash table entries: 512 (order 0, 4096 bytes)
[    1.970080] squashfs: version 4.0 (2009/01/31) Phillip Lougher
[    1.974189] fuse init (API version 7.23)
[    1.976981] Key type big_key registered
[    1.979289] Allocating IMA MOK and blacklist keyrings.
[    1.983168] Key type asymmetric registered
[    1.985293] Asymmetric key parser 'x509' registered
[    1.987719] Block layer SCSI generic (bsg) driver version 0.4 loaded (major 249)
[    1.992018] io scheduler noop registered
[    1.994070] io scheduler deadline registered (default)
[    1.996777] io scheduler cfq registered
[    1.999062] pci_hotplug: PCI Hot Plug PCI Core version: 0.5
[    2.001722] pciehp: PCI Express Hot Plug Controller Driver version: 0.4
[    2.005034] ACPI: AC Adapter [AC] (on-line)
[    2.007284] input: Power Button as /devices/LNXSYSTM:00/LNXPWRBN:00/input/input0
[    2.011411] ACPI: Power Button [PWRF]
[    2.013843] input: Sleep Button as /devices/LNXSYSTM:00/LNXSLPBN:00/input/input1
[    2.018278] ACPI: Sleep Button [SLPF]
[    2.022677] ACPI: Battery Slot [BAT0] (battery present)
[    2.025581] GHES: HEST is not enabled!
[    2.028036] Serial: 8250/16550 driver, 32 ports, IRQ sharing enabled
[    2.053023] 00:02: ttyS0 at I/O 0x3f8 (irq = 4, base_baud = 115200) is a 16550A
[    2.060346] Linux agpgart interface v0.103
[    2.065255] loop: module loaded
[    2.068336] scsi host0: ata_piix
[    2.070724] scsi host1: ata_piix
[    2.072920] ata1: PATA max UDMA/33 cmd 0x1f0 ctl 0x3f6 bmdma 0xd000 irq 14
[    2.076409] ata2: PATA max UDMA/33 cmd 0x170 ctl 0x376 bmdma 0xd008 irq 15
[    2.080045] libphy: Fixed MDIO Bus: probed
[    2.082495] tun: Universal TUN/TAP device driver, 1.6
[    2.085359] tun: (C) 1999-2004 Max Krasnyansky <maxk@qualcomm.com>
[    2.088287] PPP generic driver version 2.4.2
[    2.090809] ehci_hcd: USB 2.0 'Enhanced' Host Controller (EHCI) Driver
[    2.093954] ehci-pci: EHCI PCI platform driver
[    2.096204] ehci-platform: EHCI generic platform driver
[    2.098757] ohci_hcd: USB 1.1 'Open' Host Controller (OHCI) Driver
[    2.101708] ohci-pci: OHCI PCI platform driver
[    2.104138] ohci-platform: OHCI generic platform driver
[    2.106652] uhci_hcd: USB Universal Host Controller Interface driver
[    2.109687] i8042: PNP: PS/2 Controller [PNP0303:PS2K,PNP0f03:PS2M] at 0x60,0x64 irq 1,12
[    2.114671] serio: i8042 KBD port at 0x60,0x64 irq 1
[    2.117432] serio: i8042 AUX port at 0x60,0x64 irq 12
[    2.120429] mousedev: PS/2 mouse device common for all mice
[    2.124254] input: AT Translated Set 2 keyboard as /devices/platform/i8042/serio0/input/input2
[    2.128973] rtc_cmos rtc_cmos: rtc core: registered rtc_cmos as rtc0
[    2.132095] rtc_cmos rtc_cmos: alarms up to one day, 114 bytes nvram
[    2.135031] i2c /dev entries driver
[    2.137191] device-mapper: uevent: version 1.0.3
[    2.139714] device-mapper: ioctl: 4.34.0-ioctl (2015-10-28) initialised: dm-devel@redhat.com
[    2.144153] ledtrig-cpu: registered to indicate activity on CPUs
[    2.148790] NET: Registered protocol family 10
[    2.151421] NET: Registered protocol family 17
[    2.153932] Key type dns_resolver registered
[    2.156808] registered taskstats version 1
[    2.158996] Loading compiled-in X.509 certificates
[    2.162578] Loaded X.509 cert 'Build time autogenerated kernel key: cf00e047681d67edb2720680708b7d9498083038'
[    2.167342] zswap: loaded using pool lzo/zbud
[    2.177576] Key type trusted registered
[    2.186608] Key type encrypted registered
[    2.191967] AppArmor: AppArmor sha1 policy hashing enabled
[    2.194490] ima: No TPM chip found, activating TPM-bypass!
[    2.197126] ima: Allocated hash algorithm: sha1
[    2.199431] evm: HMAC attrs: 0x1
[    2.201912]   Magic number: 1:147:609
[    2.203994] node node0: hash matches
[    2.206127] rtc_cmos rtc_cmos: setting system clock to 2021-08-06 01:36:04 UTC (1628213764)
[    2.210596] BIOS EDD facility v0.16 2004-Jun-25, 0 devices found
[    2.213482] EDD information not available.
[    2.571283] Freeing unused kernel memory: 1492K
[    2.574168] Write protecting the kernel read-only data: 14336k
[    2.579251] Freeing unused kernel memory: 1584K
[    2.582773] Freeing unused kernel memory: 52K
Loading, please wait...
starting version 229
[    2.617723] random: systemd-udevd: uninitialized urandom read (16 bytes read, 5 bits of entropy available)
[    2.620042] random: udevadm: uninitialized urandom read (16 bytes read, 5 bits of entropy available)
[    2.620100] random: udevadm: uninitialized urandom read (16 bytes read, 5 bits of entropy available)
[    2.639275] random: systemd-udevd: uninitialized urandom read (16 bytes read, 5 bits of entropy available)
[    2.646083] random: systemd-udevd: uninitialized urandom read (16 bytes read, 5 bits of entropy available)
[    2.653665] random: systemd-udevd: uninitialized urandom read (16 bytes read, 5 bits of entropy available)
[    2.656971] random: udevadm: uninitialized urandom read (16 bytes read, 5 bits of entropy available)
[    2.657100] random: udevadm: uninitialized urandom read (16 bytes read, 5 bits of entropy available)
[    2.657657] random: udevadm: uninitialized urandom read (16 bytes read, 5 bits of entropy available)
[    2.657819] random: udevadm: uninitialized urandom read (16 bytes read, 5 bits of entropy available)
[    2.779844] Fusion MPT base driver 3.04.20
[    2.782500] Copyright (c) 1999-2008 LSI Corporation
[    2.785761] e1000: Intel(R) PRO/1000 Network Driver - version 7.3.21-k8-NAPI
[    2.790118] e1000: Copyright (c) 1999-2006 Intel Corporation.
[    2.812204] Fusion MPT SPI Host driver 3.04.20
[    2.881407] AVX2 version of gcm_enc/dec engaged.
[    2.884577] AES CTR mode by8 optimization enabled
[    3.029448] input: ImExPS/2 Generic Explorer Mouse as /devices/platform/i8042/serio1/input/input4
[    3.599110] e1000 0000:00:03.0 eth0: (PCI:33MHz:32-bit) 02:ed:98:3c:8e:82
[    3.604908] e1000 0000:00:03.0 eth0: Intel(R) PRO/1000 Network Connection
[    3.614755] mptbase: ioc0: Initiating bringup
[    3.620277] e1000 0000:00:03.0 enp0s3: renamed from eth0
[    4.935964] ioc0: LSI53C1030 A0: Capabilities={Initiator}
[    7.622312] scsi host2: ioc0: LSI53C1030 A0, FwRev=00000000h, Ports=1, MaxQ=256, IRQ=20
[    9.549428] scsi 2:0:0:0: Direct-Access     VBOX     HARDDISK         1.0  PQ: 0 ANSI: 5
[    9.562936] scsi target2:0:0: Beginning Domain Validation
[    9.570996] scsi target2:0:0: Domain Validation skipping write tests
[    9.614916] scsi target2:0:0: Ending Domain Validation
[    9.618508] scsi target2:0:0: asynchronous
[    9.623023] scsi 2:0:1:0: Direct-Access     VBOX     HARDDISK         1.0  PQ: 0 ANSI: 5
[    9.629763] scsi target2:0:1: Beginning Domain Validation
[    9.635519] scsi target2:0:1: Domain Validation skipping write tests
[    9.639473] scsi target2:0:1: Ending Domain Validation
[    9.643036] scsi target2:0:1: asynchronous
[    9.654963] sd 2:0:0:0: [sda] 83886080 512-byte logical blocks: (42.9 GB/40.0 GiB)
[    9.661003] sd 2:0:0:0: [sda] Write Protect is off
[    9.663934] sd 2:0:0:0: Attached scsi generic sg0 type 0
[    9.667329] sd 2:0:0:0: [sda] Incomplete mode parameter data
[    9.674294] sd 2:0:0:0: [sda] Assuming drive cache: write through
[    9.675772] sd 2:0:1:0: Attached scsi generic sg1 type 0
[    9.681589] sd 2:0:1:0: [sdb] 20480 512-byte logical blocks: (10.5 MB/10.0 MiB)
[    9.687791] sd 2:0:1:0: [sdb] Write Protect is off
[    9.688817]  sda: sda1
[    9.690434] sd 2:0:0:0: [sda] Attached SCSI disk
[    9.696845] sd 2:0:1:0: [sdb] Incomplete mode parameter data
[    9.700301] sd 2:0:1:0: [sdb] Assuming drive cache: write through
[    9.707353] sd 2:0:1:0: [sdb] Attached SCSI disk
Begin: Loading essential drivers ... [   11.845028] md: linear personality registered for level -1
[   11.853902] md: multipath personality registered for level -4
[   11.862187] md: raid0 personality registered for level 0
[   11.873424] md: raid1 personality registered for level 1
[   11.955223] raid6: sse2x1   gen()  1883 MB/s
[   12.023198] raid6: sse2x1   xor()  1305 MB/s
[   12.095168] raid6: sse2x2   gen()  3800 MB/s
[   12.163212] raid6: sse2x2   xor()  2738 MB/s
[   12.231199] raid6: sse2x4   gen()  5931 MB/s
[   12.299227] raid6: sse2x4   xor()  3559 MB/s
[   12.367216] raid6: avx2x1   gen()  4467 MB/s
[   12.435208] raid6: avx2x2   gen()  9250 MB/s
[   12.503198] raid6: avx2x4   gen() 11755 MB/s
[   12.505341] raid6: using algorithm avx2x4 gen() 11755 MB/s
[   12.508009] raid6: using avx2x2 recovery algorithm
[   12.513334] xor: automatically using best checksumming function:
[   12.555152]    avx       : 14087.000 MB/sec
[   12.559554] async_tx: api initialized (async)
[   12.578578] md: raid6 personality registered for level 6
[   12.581794] md: raid5 personality registered for level 5
[   12.584360] md: raid4 personality registered for level 4
[   12.598960] md: raid10 personality registered for level 10
done.
Begin: Running /scripts/init-premount ... done.
Begin: Mounting root file system ... Begin: Running /scripts/local-top ... done.
Begin: Running /scripts/local-premount ... [   12.669330] Btrfs loaded
Scanning for Btrfs filesystems
done.
Warning: fsck not present, so skipping root file system
[   12.714902] EXT4-fs (sda1): INFO: recovery required on readonly filesystem
[   12.718261] EXT4-fs (sda1): write access will be enabled during recovery
[   12.964511] EXT4-fs (sda1): recovery complete
[   12.967869] EXT4-fs (sda1): mounted filesystem with ordered data mode. Opts: (null)
done.
Begin: Running /scripts/local-bottom ... done.
Begin: Running /scripts/init-bottom ... done.
[   13.160800] systemd[1]: systemd 229 running in system mode. (+PAM +AUDIT +SELINUX +IMA +APPARMOR +SMACK +SYSVINIT +UTMP +LIBCRYPTSETUP +GCRYPT +GNUTLS +ACL +XZ -LZ4 +SECCOMP +BLKID +ELFUTILS +KMOD -IDN)
[   13.168889] systemd[1]: Detected virtualization oracle.
[   13.171386] systemd[1]: Detected architecture x86-64.

Welcome to [1mUbuntu 16.04.7 LTS[0m!

[   13.176809] systemd[1]: Set hostname to <ubuntu-xenial>.
[   13.288305] random: nonblocking pool is initialized
[   13.409818] systemd[1]: Listening on Journal Socket.
[[0;32m  OK  [0m] Listening on Journal Socket.
[   13.414853] systemd[1]: Created slice User and Session Slice.
[[0;32m  OK  [0m] Created slice User and Session Slice.
[   13.419796] systemd[1]: Listening on LVM2 poll daemon socket.
[[0;32m  OK  [0m] Listening on LVM2 poll daemon socket.
[   13.424561] systemd[1]: Reached target System Time Synchronized.
[[0;32m  OK  [0m] Reached target System Time Synchronized.
[   13.429602] systemd[1]: Listening on Syslog Socket.
[[0;32m  OK  [0m] Listening on Syslog Socket.
[   13.434109] systemd[1]: Listening on /dev/initctl Compatibility Named Pipe.
[[0;32m  OK  [0m] Listening on /dev/initctl Compatibility Named Pipe.
[   13.439819] systemd[1]: Listening on udev Control Socket.
[[0;32m  OK  [0m] Listening on udev Control Socket.
[   13.444475] systemd[1]: Started Trigger resolvconf update for networkd DNS.
[[0;32m  OK  [0m] Started Trigger resolvconf update for networkd DNS.
[   13.450014] systemd[1]: Listening on Journal Audit Socket.
[[0;32m  OK  [0m] Listening on Journal Audit Socket.
[   13.454615] systemd[1]: Listening on LVM2 metadata daemon socket.
[[0;32m  OK  [0m] Listening on LVM2 metadata daemon socket.
[   13.460093] systemd[1]: Reached target User and Group Name Lookups.
[[0;32m  OK  [0m] Reached target User and Group Name Lookups.
[   13.465485] systemd[1]: Listening on fsck to fsckd communication Socket.
[[0;32m  OK  [0m] Listening on fsck to fsckd communication Socket.
[   13.470622] systemd[1]: Listening on udev Kernel Socket.
[[0;32m  OK  [0m] Listening on udev Kernel Socket.
[   13.475455] systemd[1]: Set up automount Arbitrary Executable File Formats File System Automount Point.
[[0;32m  OK  [0m] Set up automount Arbitrary Executab...ats File System Automount Point.
[   13.482705] systemd[1]: Listening on Device-mapper event daemon FIFOs.
[[0;32m  OK  [0m] Listening on Device-mapper event daemon FIFOs.
[   13.487846] systemd[1]: Reached target Swap.
[[0;32m  OK  [0m] Reached target Swap.
[   13.492185] systemd[1]: Started Forward Password Requests to Wall Directory Watch.
[[0;32m  OK  [0m] Started Forward Password Requests to Wall Directory Watch.
[   13.498626] systemd[1]: Listening on Journal Socket (/dev/log).
[[0;32m  OK  [0m] Listening on Journal Socket (/dev/log).
[   13.503389] systemd[1]: Reached target Encrypted Volumes.
[[0;32m  OK  [0m] Reached target Encrypted Volumes.
[   13.508390] systemd[1]: Created slice System Slice.
[[0;32m  OK  [0m] Created slice System Slice.
[   13.523820] systemd[1]: Starting Journal Service...
         Starting Journal Service...
[   13.530408] systemd[1]: Starting File System Check on Root Device...
         Starting File System Check on Root Device...
[   13.544048] systemd[1]: Mounting Huge Pages File System...
         Mounting Huge Pages File System...
[   13.552460] systemd[1]: Created slice system-serial\x2dgetty.slice.
[[0;32m  OK  [0m] Created slice system-serial\x2dgetty.slice.
[   13.591300] systemd[1]: Starting Nameserver information manager...
         Starting Nameserver information manager...
[   13.602026] systemd[1]: Starting Load Kernel Modules...
         Starting Load Kernel Modules...
[   13.609253] systemd[1]: Starting Create list of required static device nodes for the current kernel...
         Starting Create list of required st... nodes for the current kernel...
[   13.620159] systemd[1]: Created slice system-postgresql.slice.
[[0;32m  OK  [0m] Created slice system-postgresql.slice.
[   13.627968] systemd[1]: Mounting POSIX Message Queue File System...
[   13.632282] Loading iSCSI transport class v2.0-870.
         Mounting POSIX Message Queue File System...
[   13.639103] systemd[1]: Reached target Slices.
[[0;32m  OK  [0m] Reached target Slices.
[   13.648817] systemd[1]: Starting Set console keymap...
         [   13.652979] iscsi: registered transport (tcp)
Starting Set console keymap...
[   13.659515] systemd[1]: Mounting Debug File System...
         Mounting Debug File System...
[   13.667567] systemd[1]: Starting Uncomplicated firewall...
         Starting Uncomplicated firewall...
[   13.675909] systemd[1]: Starting Monitoring of LVM2 mirrors, snapshots etc. using dmeventd or progress polling...
         Starting Monitoring of LVM2 mirrors... dmeventd or progress polling...
[   13.689422] systemd[1]: Mounted POSIX Message Queue File System.
[[0;32m  OK  [0m] Mounted POSIX Message Queue File System.
[   13.699751] systemd[1]: Mounted Debug File System.
[[0;32m  OK  [0m] Mounted Debug File System.
[   13.710033] systemd[1]: Mounted Huge Pages File System.
[[0;32m  OK  [0m] Mounted Huge Pages File System.
[   13.722587] systemd[1]: Started Journal Service.
[[0;32m  OK  [0m] Started Journal Service.
[[0;32m  OK  [0m] Started File System Check on Root Device.
[[0;32m  OK  [0m] Started Create list of required sta...ce nodes for the current kernel.
[[0;32m  OK  [0m] Started Uncomplicated firewall.
[[0;32m  OK  [0m] Started Nameserver information manager.
[[0;32m  OK  [0m] Started LVM2 metadata daemon.
[   13.801070] iscsi: registered transport (iser)
[[0;32m  OK  [0m] Started File System Check Daemon to report status.
         Starting Create Static Device Nodes in /dev...
         Starting Remount Root and Kernel File Systems...
[[0;32m  OK  [0m] Started Load Kernel Modules.
[   13.830706] EXT4-fs (sda1): re-mounted. Opts: (null)
         Starting Apply Kernel Variables...
         Mounting FUSE Control File System...
[[0;32m  OK  [0m] Started Create Static Device Nodes in /dev.
[[0;32m  OK  [0m] Started Remount Root and Kernel File Systems.
[[0;32m  OK  [0m] Started Apply Kernel Variables.
[[0;32m  OK  [0m] Mounted FUSE Control File System.
         Starting Load/Save Random Seed...
         Starting udev Coldplug all Devices...
         Starting Flush Journal to Persistent Storage...
         Starting udev Kernel Device Manager...
[[0;32m  OK  [0m] Started Load/Save Random Seed.
[[0;32m  OK  [0m] Started Flush Journal to Persistent Storage.
[[0;32m  OK  [0m] Started Set console keymap.
[[0;32m  OK  [0m] Started udev Kernel Device Manager.
[[0;32m  OK  [0m] Started Monitoring of LVM2 mirrors,...ng dmeventd or progress polling.
[[0;32m  OK  [0m] Reached target Local File Systems (Pre).
[[0;32m  OK  [0m] Reached target Local File Systems.
         Starting Set console font and keymap...
         Starting LSB: AppArmor initialization...
         Starting Create Volatile Files and Directories...
         Starting Initial cloud-init job (pre-networking)...
         Starting Tell Plymouth To Write Out Runtime Data...
[[0;32m  OK  [0m] Started Tell Plymouth To Write Out Runtime Data.
[[0;32m  OK  [0m] Started udev Coldplug all Devices.
[[0;32m  OK  [0m] Started Dispatch Password Requests to Console Directory Watch.
[[0;32m  OK  [0m] Started Create Volatile Files and Directories.
         Starting Update UTMP about System Boot/Shutdown...
[[0;32m  OK  [0m] Started Update UTMP about System Boot/Shutdown.
[[0;32m  OK  [0m] Started LSB: AppArmor initialization.
         Starting Load AppArmor profiles managed internally by snapd...
[[0;32m  OK  [0m] Started Load AppArmor profiles managed internally by snapd.
[[0;32m  OK  [0m] Found device /dev/ttyS0.
[[0;32m  OK  [0m] Listening on Load/Save RF Kill Switch Status /dev/rfkill Watch.
[   16.057934] cloud-init[496]: Cloud-init v. 21.1-19-gbad84ad4-0ubuntu1~16.04.2 running 'init-local' at Fri, 06 Aug 2021 01:36:18 +0000. Up 15.38 seconds.
[[0;32m  OK  [0m] Started Initial cloud-init job (pre-networking).
[[0;32m  OK  [0m] Reached target Network (Pre).
         Starting Raise network interfaces...
[[0;32m  OK  [0m] Started ifup for enp0s3.
[[0;32m  OK  [0m] Started Set console font and keymap.
[[0;32m  OK  [0m] Created slice system-getty.slice.
[[0;32m  OK  [0m] Started Raise network interfaces.
[[0;32m  OK  [0m] Reached target Network.
         Starting Initial cloud-init job (metadata service crawler)...
[   19.516585] cloud-init[982]: Cloud-init v. 21.1-19-gbad84ad4-0ubuntu1~16.04.2 running 'init' at Fri, 06 Aug 2021 01:36:21 +0000. Up 18.75 seconds.
[   19.522373] cloud-init[982]: ci-info: ++++++++++++++++++++++++++++++++++++++Net device info++++++++++++++++++++++++++++++++++++++
[   19.532858] cloud-init[982]: ci-info: +--------+------+----------------------------+---------------+--------+-------------------+
[   19.544867] cloud-init[982]: ci-info: | Device |  Up  |          Address           |      Mask     | Scope  |     Hw-Address    |
[   19.556634] cloud-init[982]: ci-info: +--------+------+----------------------------+---------------+--------+-------------------+
[   19.561484] cloud-init[982]: ci-info: | enp0s3 | True |         10.0.2.15          | 255.255.255.0 | global | 02:ed:98:3c:8e:82 |
[   19.569124] cloud-init[982]: ci-info: | enp0s3 | True | fe80::ed:98ff:fe3c:8e82/64 |       .       |  link  | 02:ed:98:3c:8e:82 |
[   19.575951] cloud-init[982]: ci-info: |   lo   | True |         127.0.0.1          |   255.0.0.0   |  host  |         .         |
[   19.581580] cloud-init[982]: ci-info: |   lo   | True |          ::1/128           |       .       |  host  |         .         |
[   19.589146] cloud-init[982]: ci-info: +--------+------+----------------------------+---------------+--------+-------------------+
[   19.595272] cloud-init[982]: ci-info: +++++++++++++++++++++++++++Route IPv4 info++++++++++++++++++++++++++++
[   19.604859] cloud-init[982]: ci-info: +-------+-------------+----------+---------------+-----------+-------+
[   19.611244] cloud-init[982]: ci-info: | Route | Destination | Gateway  |    Genmask    | Interface | Flags |
[   19.616632] cloud-init[982]: ci-info: +-------+-------------+----------+---------------+-----------+-------+
[   19.628933] cloud-init[982]: ci-info: |   0   |   0.0.0.0   | 10.0.2.2 |    0.0.0.0    |   enp0s3  |   UG  |
[   19.640988] cloud-init[982]: ci-info: |   1   |   10.0.2.0  | 0.0.0.0  | 255.255.255.0 |   enp0s3  |   U   |
[   19.645715] cloud-init[982]: ci-info: +-------+-------------+----------+---------------+-----------+-------+
[   19.656925] cloud-init[982]: ci-info: +++++++++++++++++++Route IPv6 info+++++++++++++++++++
[   19.661634] cloud-init[982]: ci-info: +-------+-------------+---------+-----------+-------+
[   19.666242] cloud-init[982]: ci-info: | Route | Destination | Gateway | Interface | Flags |
[   19.671616] [[0;32m  OK  [0m] Started Initial cloud-init job (metadata service crawler).
[[0;32m  OK  [0m] Reached target System Initialization.
cloud-init[982]:          Starting LXD - unix socket.
ci-info: +-------+-------------+---------+-----------+-------+[
[0;32m  OK  [0m] Started Ubuntu Advantage update messaging.
[   19.678763] [[0;32m  OK  [0m] Listening on UUID daemon activation socket.
[[0;32m  OK  [0m] Started Daily apt download activities.
         Starting Socket activation for snappy daemon.
cloud-init[982]: ci-info: |   0   |  fe80::/64  |    ::   |   enp0s3  |   U   |[[0;32m  OK  [0m] Started ACPI Events Check.
[[0;32m  OK  [0m] Reached target Paths.
[[0;32m  OK  [0m] Started Message of the Day.
[[0;32m  OK  [0m] Listening on D-Bus System Message Bus Socket.
[[0;32m  OK  [0m] Started Daily Cleanup of Temporary Directories.

[   19.699655] [[0;32m  OK  [0m] Started Daily apt upgrade and clean activities.
[[0;32m  OK  [0m] Reached target Timers.
[[0;32m  OK  [0m] Listening on ACPID Listen Socket.
[[0;32m  OK  [0m] Reached target Network is Online.
cloud-init[982]: ci-info: |   4   |   ff00::/8  |    ::   |   enp0s3  |   U   |
[   19.724640] cloud-init[982]: ci-info: +-------+-------------+---------+-----------+-------+
         Starting iSCSI initiator daemon (iscsid)...
[[0;32m  OK  [0m] Reached target Cloud-config availability.
[[0;32m  OK  [0m] Listening on LXD - unix socket.
[[0;32m  OK  [0m] Listening on Socket activation for snappy daemon.
[[0;32m  OK  [0m] Reached target Sockets.
[[0;32m  OK  [0m] Reached target Basic System.
         Starting /etc/rc.local Compatibility...
         Starting LSB: Record successful boot for GRUB...
         Starting Login Service...
[[0;32m  OK  [0m] Started FUSE filesystem for LXC.
         Starting System Logging Service...
[[0;32m  OK  [0m] Started ACPI event daemon.
         Starting OpenBSD Secure Shell server...
[[0;32m  OK  [0m] Started D-Bus System Message Bus.
         Starting Accounts Service...
         Starting LSB: MD monitoring daemon...
[[0;32m  OK  [0m] Started Deferred execution scheduler.
         Starting Virtualbox guest utils...
         Starting PostgreSQL Cluster 9.5-main...
         Starting LXD - container startup/shutdown...
[[0;32m  OK  [0m] Started Regular background program processing daemon.
         Starting Snap Daemon...
[[0;32m  OK  [0m] Started System Logging Service.
[[0;32m  OK  [0m] Started iSCSI initiator daemon (iscsid).
[[0;32m  OK  [0m] Started /etc/rc.local Compatibility.
[[0;32m  OK  [0m] Started Login Service.
[[0;32m  OK  [0m] Started Unattended Upgrades Shutdown.
         Starting Login to default iSCSI targets...
[[0;32m  OK  [0m] Started LSB: Record successful boot for GRUB.
[[0;32m  OK  [0m] Started OpenBSD Secure Shell server.
[[0;32m  OK  [0m] Started LSB: MD monitoring daemon.
[[0;32m  OK  [0m] Started Login to default iSCSI targets.
[[0;32m  OK  [0m] Reached target Remote File Systems (Pre).
         Mounting /vagrant...
         Mounting /home/vagrant/workspace...
         Starting Authenticate and Authorize Users to Run Privileged Tasks...
[[0;1;31mFAILED[0m] Failed to mount /vagrant.
See 'systemctl status vagrant.mount' for details.
[[0;1;33mDEPEND[0m] Dependency failed for Remote File Systems.
         Starting LSB: automatic crash report generation...
         Starting LSB: daemon to balance interrupts for SMP systems...
         Starting Permit User Sessions...
         Starting LSB: Set the CPU Frequency Scaling governor to "ondemand"...
         Starting LSB: Start/stop sysstat's sadc...
[[0;1;31mFAILED[0m] Failed to mount /home/vagrant/workspace.
See 'systemctl status home-vagrant-workspace.mount' for details.
[[0;32m  OK  [0m] Started Authenticate and Authorize Users to Run Privileged Tasks.
[[0;32m  OK  [0m] Started Accounts Service.
[[0;32m  OK  [0m] Started Permit User Sessions.
         Starting Hold until boot process finishes up...
         Starting Terminate Plymouth Boot Screen...
[[0;32m  OK  [0m] Started LXD - container startup/shutdown.
[[0;32m  OK  [0m] Started Hold until boot process finishes up.
[[0;32m  OK  [0m] Started Terminate Plymouth Boot Screen.
         Starting Set console scheme...
[[0;32m  OK  [0m] Started Serial Getty on ttyS0.
[[0;32m  OK  [0m] Started Getty on tty1.
[[0;32m  OK  [0m] Reached target Login Prompts.
[[0;32m  OK  [0m] Started LSB: Set the CPU Frequency Scaling governor to "ondemand".
[[0;32m  OK  [0m] Started Set console scheme.
[[0;32m  OK  [0m] Started LSB: Start/stop sysstat's sadc.
[[0;32m  OK  [0m] Started LSB: daemon to balance interrupts for SMP systems.
[[0;32m  OK  [0m] Started LSB: automatic crash report generation.
[[0;32m  OK  [0m] Created slice User Slice of vagrant.
         Starting User Manager for UID 1000...
[[0;32m  OK  [0m] Started Session 1 of user vagrant.
[[0;32m  OK  [0m] Started Virtualbox guest utils.
[[0;32m  OK  [0m] Started User Manager for UID 1000.
[[0;32m  OK  [0m] Started Snap Daemon.
         Starting Wait until snapd is fully seeded...
[[0;32m  OK  [0m] Started Wait until snapd is fully seeded.
         Starting Apply the settings specified in cloud-config...
[   22.974732] cloud-init[1337]: Cloud-init v. 21.1-19-gbad84ad4-0ubuntu1~16.04.2 running 'modules:config' at Fri, 06 Aug 2021 01:36:25 +0000. Up 22.65 seconds.
[[0;32m  OK  [0m] Started Apply the settings specified in cloud-config.
[[0;32m  OK  [0m] Started PostgreSQL Cluster 9.5-main.
         Starting PostgreSQL RDBMS...
[[0;32m  OK  [0m] Started PostgreSQL RDBMS.
[[0;32m  OK  [0m] Reached target Multi-User System.
         Starting Execute cloud user/final scripts...
[[0;32m  OK  [0m] Reached target Graphical Interface.
         Starting Update UTMP about System Runlevel Changes...
[[0;32m  OK  [0m] Started Update UTMP about System Runlevel Changes.
[   24.807258] cloud-init[1394]: Cloud-init v. 21.1-19-gbad84ad4-0ubuntu1~16.04.2 running 'modules:final' at Fri, 06 Aug 2021 01:36:27 +0000. Up 24.47 seconds.
[   24.812837] cloud-init[1394]: Cloud-init v. 21.1-19-gbad84ad4-0ubuntu1~16.04.2 finished at Fri, 06 Aug 2021 01:36:27 +0000. Datasource DataSourceNoCloud [seed=/dev/sdb][dsmode=net].  Up 24.77 seconds
[[0;32m  OK  [0m] Started Execute cloud user/final scripts.
[[0;32m  OK  [0m] Reached target Cloud-init target.
         Starting Daily apt download activities...

Ubuntu 16.04.7 LTS ubuntu-xenial ttyS0

ubuntu-xenial login: 